Γû▓ Next.js 16.1.6 (Turbopack)

  Creating an optimized production build ...
Γ£ô Compiled successfully in 2.9s
  Running TypeScript ...
node.exe : Failed to compile.
At line:1 char:1
+ & "C:\Program Files\nodejs/node.exe" 
"C:\Users\lokhnadh\AppData\Roami ...
+ ~~~~~~~~~~~~~~~~~~~~~~~~~~~~~~~~~~~~~~~~~~~~~~~
~~~~~~~~~~~~~~~~~~~~~~
    + CategoryInfo          : NotSpecified: (Fai 
   led to compile.:String) [], RemoteException
    + FullyQualifiedErrorId : NativeCommandError
 

./src/context/LanguageContext.tsx:130:3
Type error: Type '{ navScanJob: string; 
navHistory: string; navAdmin: string; navLogin: 
string; navSignup: string; heroHeadline: string; 
heroHighlight: string; heroHeadline2: string; 
heroSub: string; heroCtaPrimary: string; ... 32 
more ...; cardCareerSub: string; }' is missing 
the following properties from type 
'TranslationKeys': predictTitle, predictSub, 
predictCompany, predictLocation, and 39 more.

[0m [90m 128 |[39m
 [90m 129 |[39m [36mconst[39m 
translations[33m:[39m [33mRecord[39m[33m<[3
9m[33mLangCode[39m[33m,[39m 
[33mTranslationKeys[39m[33m>[39m [33m=[39m 
{
[31m[1m>[22m[39m[90m 130 |[39m   
en[33m:[39m {
 [90m     |[39m   [31m[1m^[22m[39m
 [90m 131 |[39m     navScanJob[33m:[39m 
[32m"Scan Job"[39m[33m,[39m 
navHistory[33m:[39m [32m"My 
History"[39m[33m,[39m navAdmin[33m:[39m 
[32m"Admin Dashboard"[39m[33m,[39m
 [90m 132 |[39m     navLogin[33m:[39m 
[32m"Log in"[39m[33m,[39m 
navSignup[33m:[39m [32m"Sign 
up"[39m[33m,[39m
 [90m 133 |[39m     heroHeadline[33m:[39m 
[32m"Detect"[39m[33m,[39m 
heroHighlight[33m:[39m 
[32m"Fake"[39m[33m,[39m 
heroHeadline2[33m:[39m [32m"Jobs, Protect 
Your Career."[39m[33m,[39m[0m
Next.js build worker exited with code: 1 and 
signal: null
